[www.saogoncalodoamarante.ce.gov.br/acessibilidade-master/js/jquery-3.2.1.min.js]
[backblue.gif]
[fade.gif]
[index.html]
[saogoncalodoamarante.ce.gov.br/portal/yt-assets/865cdd85c94c06a419c8de80a6dd63ed.js]
[saogoncalodoamarante.ce.gov.br/portal/indexc0d0.php]
[maxcdn.bootstrapcdn.com/bootstrap/3.3.7/css/bootstrap.min.css]
[saogoncalodoamarante.ce.gov.br/portal/index7b17.php]
[cdn.jsdelivr.net/npm/simple-line-icons@2.4.1/css/simple-line-icons.css]
[saogoncalodoamarante.ce.gov.br/portal/media/k2/assets/js/k2.frontend2313.js]
[connect.facebook.net/pt_BR/all.js]
[saogoncalodoamarante.ce.gov.br/portal/images/braso-sga-carimbo-hor-oficial.png]
[www.saogoncalodoamarante.ce.gov.br/acessibilidade-master/fonte.js]
[saogoncalodoamarante.ce.gov.br/portal/images/destaques/logoinstagram.png]
[saogoncalodoamarante.ce.gov.br/portal/images/face_branco2.png]
[saogoncalodoamarante.ce.gov.br/portal/images/logo_escura_HORIZONTAL.png]
[saogoncalodoamarante.ce.gov.br/portal/images/cmec.png]
[saogoncalodoamarante.ce.gov.br/portal/images/baners/Artboard_1bt.png]
[saogoncalodoamarante.ce.gov.br/portal/images/rg_chegou.jpg]
[saogoncalodoamarante.ce.gov.br/portal/modules/mod_vina_camera_slider_content/libs/timthumb7514.png]
[saogoncalodoamarante.ce.gov.br/portal/modules/mod_vina_camera_slider_content/libs/timthumbe5f0.png]
[saogoncalodoamarante.ce.gov.br/portal/modules/mod_vina_camera_slider_content/libs/timthumb9176.png]
[saogoncalodoamarante.ce.gov.br/portal/modules/mod_vina_camera_slider_content/libs/timthumbbd5e.png]
[saogoncalodoamarante.ce.gov.br/portal/cache/mod_news_show_sp2/nssp2_thumbs/145/CAPAGASs_120x80.png]
[saogoncalodoamarante.ce.gov.br/portal/cache/mod_news_show_sp2/nssp2_thumbs/145/capacomunicado9pacto_120x80.png]
[saogoncalodoamarante.ce.gov.br/portal/cache/mod_news_show_sp2/nssp2_thumbs/145/capacomunicado8pacto_120x80.png]
[saogoncalodoamarante.ce.gov.br/portal/cache/mod_news_show_sp2/nssp2_thumbs/145/capafotosnatal_120x80.png]
[saogoncalodoamarante.ce.gov.br/portal/cache/mod_news_show_sp2/nssp2_thumbs/145/Prancheta_6_120x80.png]
[saogoncalodoamarante.ce.gov.br/portal/cache/mod_news_show_sp2/nssp2_thumbs/145/capasafra_120x80.png]
[saogoncalodoamarante.ce.gov.br/portal/cache/mod_news_show_sp2/nssp2_thumbs/145/capacmic_120x80.png]
[saogoncalodoamarante.ce.gov.br/portal/cache/mod_news_show_sp2/nssp2_thumbs/145/capaaeris_120x80.png]
[saogoncalodoamarante.ce.gov.br/portal/cache/mod_news_show_sp2/nssp2_thumbs/145/capa22convocacao_120x80.jpg]
[saogoncalodoamarante.ce.gov.br/portal/cache/mod_news_show_sp2/nssp2_thumbs/145/capa21convocacao_120x80.png]
[saogoncalodoamarante.ce.gov.br/portal/cache/mod_news_show_sp2/nssp2_thumbs/145/capaprogramacultiva_120x80.png]
[saogoncalodoamarante.ce.gov.br/portal/cache/mod_news_show_sp2/nssp2_thumbs/145/capaconvocacao2_120x80.png]
[saogoncalodoamarante.ce.gov.br/portal/cache/mod_news_show_sp2/nssp2_thumbs/145/RESULTADOPROVA_120x80.png]
[saogoncalodoamarante.ce.gov.br/portal/cache/mod_news_show_sp2/nssp2_thumbs/145/5BFB2ED8-1F0B-4864-B6D9-3C107E33BE8E_120x80.jpg]
[saogoncalodoamarante.ce.gov.br/portal/cache/mod_news_show_sp2/nssp2_thumbs/145/RECURSOS_120x80.png]
[saogoncalodoamarante.ce.gov.br/portal/cache/mod_news_show_sp2/nssp2_thumbs/145/Resultadoprovaobjetiva_120x80.png]
[saogoncalodoamarante.ce.gov.br/portal/cache/mod_news_show_sp2/nssp2_thumbs/145/ppa-gab-site-1_120x80.png]
[saogoncalodoamarante.ce.gov.br/portal/cache/mod_news_show_sp2/nssp2_thumbs/145/capaprovapacto_120x80.png]
[saogoncalodoamarante.ce.gov.br/portal/cache/mod_news_show_sp2/nssp2_thumbs/145/capacomunicadopacto_120x80.png]
[saogoncalodoamarante.ce.gov.br/portal/cache/mod_news_show_sp2/nssp2_thumbs/145/capaaldirblanc2_120x80.jpg]
[saogoncalodoamarante.ce.gov.br/portal/cache/mod_news_show_sp2/nssp2_thumbs/145/capacartaprefeito_120x80.png]
[saogoncalodoamarante.ce.gov.br/portal/cache/mod_news_show_sp2/nssp2_thumbs/145/capapacto_120x80.png]
[saogoncalodoamarante.ce.gov.br/portal/cache/mod_news_show_sp2/nssp2_thumbs/145/capalistadepresenca28_120x80.png]
[saogoncalodoamarante.ce.gov.br/portal/cache/mod_news_show_sp2/nssp2_thumbs/145/capamaisinfancia_120x80.png]
[saogoncalodoamarante.ce.gov.br/portal/cache/mod_news_show_sp2/nssp2_thumbs/145/capa20convocacao_120x80.png]
[saogoncalodoamarante.ce.gov.br/portal/cache/mod_news_show_sp2/nssp2_thumbs/145/capa11edital_120x80.png]
[saogoncalodoamarante.ce.gov.br/portal/cache/mod_news_show_sp2/nssp2_thumbs/145/19convocacaoconcurso_120x80.png]
[saogoncalodoamarante.ce.gov.br/portal/cache/mod_news_show_sp2/nssp2_thumbs/145/capacomunicado27_120x80.png]
[saogoncalodoamarante.ce.gov.br/portal/cache/mod_news_show_sp2/nssp2_thumbs/145/caparesultado10convocacao_120x80.png]
[saogoncalodoamarante.ce.gov.br/portal/cache/mod_news_show_sp2/nssp2_thumbs/145/capamutirao_120x80.png]
[saogoncalodoamarante.ce.gov.br/portal/cache/mod_news_show_sp2/nssp2_thumbs/145/capalivepodefalar_120x80.png]
[saogoncalodoamarante.ce.gov.br/portal/cache/mod_news_show_sp2/nssp2_thumbs/145/capanotaestado_120x80.png]
[saogoncalodoamarante.ce.gov.br/portal/cache/mod_news_show_sp2/nssp2_thumbs/145/capacomunicado26_120x80.png]
[saogoncalodoamarante.ce.gov.br/portal/cache/mod_news_show_sp2/nssp2_thumbs/145/capa18convocacao_120x80.png]
[saogoncalodoamarante.ce.gov.br/portal/cache/mod_news_show_sp2/nssp2_thumbs/145/capacomunicado25_120x80.png]
[saogoncalodoamarante.ce.gov.br/portal/images/imagem_natal.jpg]
[saogoncalodoamarante.ce.gov.br/portal/images/botaovacinacaogeral.png]
[saogoncalodoamarante.ce.gov.br/portal/index.html]
[maxcdn.bootstrapcdn.com/bootstrap/3.3.7/css/bootstrap.min.css]
[saogoncalodoamarante.ce.gov.br/portal/media/modals/images/bootstrap/controls.png]
[saogoncalodoamarante.ce.gov.br/portal/media/modals/images/bootstrap/loading.gif]
[saogoncalodoamarante.ce.gov.br/portal/templates/sj_time/images/point.png]
[saogoncalodoamarante.ce.gov.br/portal/templates/sj_time/images/icon/icon_hits2.png]
[saogoncalodoamarante.ce.gov.br/portal/templates/sj_time/images/icon/icon_author.png]
[saogoncalodoamarante.ce.gov.br/portal/templates/sj_time/images/icon/icon_date2.png]
[saogoncalodoamarante.ce.gov.br/portal/templates/sj_time/images/icon/new.png]
[saogoncalodoamarante.ce.gov.br/portal/templates/sj_time/images/icon/hot.png]
[saogoncalodoamarante.ce.gov.br/portal/templates/sj_time/images/icon/cool.png]
[saogoncalodoamarante.ce.gov.br/portal/templates/sj_time/images/icon/best.png]
[saogoncalodoamarante.ce.gov.br/portal/templates/sj_time/images/icon/icon_cong.png]
[saogoncalodoamarante.ce.gov.br/portal/templates/sj_time/images/icon/icon_date.png]
[saogoncalodoamarante.ce.gov.br/portal/templates/sj_time/images/icon/icon_hits.png]
[saogoncalodoamarante.ce.gov.br/portal/templates/sj_time/images/icon/icon_tru.png]
[saogoncalodoamarante.ce.gov.br/portal/templates/sj_time/images/icon/icon_cong2.png]
[saogoncalodoamarante.ce.gov.br/portal/templates/sj_time/images/icon/row_left_slide.png]
[saogoncalodoamarante.ce.gov.br/portal/templates/sj_time/images/icon/row_right_slide.png]
[saogoncalodoamarante.ce.gov.br/portal/templates/sj_time/images/icon/youtube.png]
[saogoncalodoamarante.ce.gov.br/portal/templates/sj_time/images/icon/icon_email.png]
[saogoncalodoamarante.ce.gov.br/portal/templates/sj_time/images/icon/icon_send.png]
[saogoncalodoamarante.ce.gov.br/portal/templates/sj_time/images/bg/play-video.png]
[saogoncalodoamarante.ce.gov.br/portal/templates/sj_time/images/pattern/body/pattern1.png]
[saogoncalodoamarante.ce.gov.br/portal/templates/sj_time/images/pattern/body/pattern2.png]
[saogoncalodoamarante.ce.gov.br/portal/templates/sj_time/images/pattern/body/pattern3.png]
[saogoncalodoamarante.ce.gov.br/portal/templates/sj_time/images/pattern/body/pattern4.png]
[saogoncalodoamarante.ce.gov.br/portal/templates/sj_time/images/pattern/body/pattern5.png]
[saogoncalodoamarante.ce.gov.br/portal/templates/sj_time/images/pattern/body/pattern6.jpg]
[saogoncalodoamarante.ce.gov.br/portal/templates/sj_time/images/pattern/body/pattern7.jpg]
[saogoncalodoamarante.ce.gov.br/portal/templates/sj_time/images/pattern/body/pattern8.jpg]
[saogoncalodoamarante.ce.gov.br/portal/templates/sj_time/asset/fonts/awesome/fonts/fontawesome-webfonte0a5.eot]
[saogoncalodoamarante.ce.gov.br/portal/templates/sj_time/asset/fonts/awesome/fonts/fontawesome-webfontd41d.eot]
[saogoncalodoamarante.ce.gov.br/portal/templates/sj_time/asset/fonts/awesome/fonts/fontawesome-webfonte0a5.woff2]
[saogoncalodoamarante.ce.gov.br/portal/templates/sj_time/asset/fonts/awesome/fonts/fontawesome-webfonte0a5.woff]
[saogoncalodoamarante.ce.gov.br/portal/templates/sj_time/asset/fonts/awesome/fonts/fontawesome-webfonte0a5.ttf]
[saogoncalodoamarante.ce.gov.br/portal/modules/mod_news_show_sp2/assets/images/more.png]
[saogoncalodoamarante.ce.gov.br/portal/modules/mod_news_show_sp2/assets/images/hits.png]
[saogoncalodoamarante.ce.gov.br/portal/modules/mod_news_show_sp2/assets/images/comments.png]
[saogoncalodoamarante.ce.gov.br/portal/modules/mod_news_show_sp2/assets/images/transparent_star.png]
[saogoncalodoamarante.ce.gov.br/portal/modules/mod_news_show_sp2/assets/images/nav-buttons.png]
[saogoncalodoamarante.ce.gov.br/portal/modules/mod_vina_camera_slider_content/assets/images/blank.gif]
[saogoncalodoamarante.ce.gov.br/portal/modules/mod_vina_camera_slider_content/assets/images/camera-loader.gif]
[saogoncalodoamarante.ce.gov.br/portal/modules/mod_vina_camera_slider_content/assets/images/camera_skins.png]
[saogoncalodoamarante.ce.gov.br/portal/modules/mod_vina_camera_slider_content/assets/images/patterns/overlay1.png]
[saogoncalodoamarante.ce.gov.br/portal/modules/mod_vina_camera_slider_content/assets/images/patterns/overlay2.png]
[saogoncalodoamarante.ce.gov.br/portal/modules/mod_vina_camera_slider_content/assets/images/patterns/overlay3.png]
[saogoncalodoamarante.ce.gov.br/portal/modules/mod_vina_camera_slider_content/assets/images/patterns/overlay4.png]
[saogoncalodoamarante.ce.gov.br/portal/modules/mod_vina_camera_slider_content/assets/images/patterns/overlay5.png]
[saogoncalodoamarante.ce.gov.br/portal/modules/mod_vina_camera_slider_content/assets/images/patterns/overlay6.png]
[saogoncalodoamarante.ce.gov.br/portal/modules/mod_vina_camera_slider_content/assets/images/patterns/overlay7.png]
[saogoncalodoamarante.ce.gov.br/portal/modules/mod_vina_camera_slider_content/assets/images/patterns/overlay8.png]
[saogoncalodoamarante.ce.gov.br/portal/modules/mod_vina_camera_slider_content/assets/images/patterns/overlay9.png]
[saogoncalodoamarante.ce.gov.br/portal/modules/mod_vina_camera_slider_content/assets/images/patterns/overlay10.png]
[saogoncalodoamarante.ce.gov.br/portal/plugins/system/ytshortcodes/assets/images/prettyPhoto/default/default_thumb.png]
[saogoncalodoamarante.ce.gov.br/portal/plugins/system/ytshortcodes/assets/images/prettyPhoto/default/sprite.png]
[saogoncalodoamarante.ce.gov.br/portal/plugins/system/ytshortcodes/assets/images/prettyPhoto/default/sprite_x.png]
[saogoncalodoamarante.ce.gov.br/portal/plugins/system/ytshortcodes/assets/images/prettyPhoto/default/loader.gif]
[saogoncalodoamarante.ce.gov.br/portal/plugins/system/ytshortcodes/assets/images/prettyPhoto/default/sprite_next.png]
[saogoncalodoamarante.ce.gov.br/portal/plugins/system/ytshortcodes/assets/images/prettyPhoto/default/sprite_prev.png]
[saogoncalodoamarante.ce.gov.br/portal/plugins/system/ytshortcodes/assets/images/dotted.png]
[saogoncalodoamarante.ce.gov.br/portal/plugins/system/ytshortcodes/assets/images/shadow.png]
[saogoncalodoamarante.ce.gov.br/portal/plugins/system/ytshortcodes/assets/images/stripes.png]
[saogoncalodoamarante.ce.gov.br/portal/plugins/system/ytshortcodes/assets/images/featured.png]
[saogoncalodoamarante.ce.gov.br/portal/fontawesome/webfonts/fa-brands-400.eot]
[saogoncalodoamarante.ce.gov.br/portal/fontawesome/webfonts/fa-brands-400.woff2]
[saogoncalodoamarante.ce.gov.br/portal/fontawesome/webfonts/fa-brands-400.woff]
[saogoncalodoamarante.ce.gov.br/portal/fontawesome/webfonts/fa-brands-400.ttf]
[saogoncalodoamarante.ce.gov.br/portal/fontawesome/webfonts/fa-brands-400d41d.eot]
[saogoncalodoamarante.ce.gov.br/portal/fontawesome/webfonts/fa-regular-400.eot]
[saogoncalodoamarante.ce.gov.br/portal/fontawesome/webfonts/fa-regular-400d41d.eot]
[saogoncalodoamarante.ce.gov.br/portal/fontawesome/webfonts/fa-regular-400.woff2]
[saogoncalodoamarante.ce.gov.br/portal/fontawesome/webfonts/fa-regular-400.woff]
[saogoncalodoamarante.ce.gov.br/portal/fontawesome/webfonts/fa-regular-400.ttf]
[saogoncalodoamarante.ce.gov.br/portal/fontawesome/webfonts/fa-solid-900.eot]
[saogoncalodoamarante.ce.gov.br/portal/fontawesome/webfonts/fa-solid-900.woff2]
[saogoncalodoamarante.ce.gov.br/portal/fontawesome/webfonts/fa-solid-900d41d.eot]
[saogoncalodoamarante.ce.gov.br/portal/fontawesome/webfonts/fa-solid-900.woff]
[saogoncalodoamarante.ce.gov.br/portal/fontawesome/webfonts/fa-solid-900.ttf]
[saogoncalodoamarante.ce.gov.br/portal/yt-assets/4e8eada05f2a0196de6097474f147d5a.css]
[cdn.jsdelivr.net/npm/simple-line-icons@2.4.1/css/simple-line-icons.css]
[saogoncalodoamarante.ce.gov.br/portal/components/com_k2/images/loaders/generic.gif]
[saogoncalodoamarante.ce.gov.br/portal/components/com_k2/images/ratingstars.gif]
[saogoncalodoamarante.ce.gov.br/portal/components/com_k2/images/videobg.gif]
[saogoncalodoamarante.ce.gov.br/portal/components/com_k2/images/loaders/search.gif]
[saogoncalodoamarante.ce.gov.br/portal/components/com_k2/images/loaders/calendar.gif]
[saogoncalodoamarante.ce.gov.br/portal/components/com_k2/css/k240c7.css]
[connect.facebook.net/pt_BR/all.js]
[saogoncalodoamarante.ce.gov.br/portal/index.php/index.html]
[saogoncalodoamarante.ce.gov.br/portal/yt-assets/4521b38740b8a502fc21bfcf94483840.js]
[saogoncalodoamarante.ce.gov.br/portal/templates/sj_time/images/system/arrow.png]
[saogoncalodoamarante.ce.gov.br/portal/components/com_xmap/assets/images/img_blue.gif]
[saogoncalodoamarante.ce.gov.br/portal/index.php/mapa-do-site.html]
[saogoncalodoamarante.ce.gov.br/portal/images/RREO_1BIM_2021.pdf]
[saogoncalodoamarante.ce.gov.br/portal/images/LRF_EXERCICIO2021/RREO-RelatorioResumidoExecucao_Orcamentaria_2_Bimestre_2021.pdf]
[saogoncalodoamarante.ce.gov.br/portal/images/LRF_EXERCICIO2021/RGF-Relatorio_Gestao_Fiscal _1_Quadrimestre_2021.pdf]
[saogoncalodoamarante.ce.gov.br/portal/images/Leis/Leis2021/Lei_Municipal_N_1587_2021_de_10062021-LDO.pdf]
[saogoncalodoamarante.ce.gov.br/portal/images/PMSGA-RREO-Relatorio-Resumido-Execucao-Orcamentaria.pdf]
[saogoncalodoamarante.ce.gov.br/portal/images/RGF2QUADRIMESTRE2021.pdf]
[saogoncalodoamarante.ce.gov.br/portal/images/LRF_EXERCICIO2021/RREO4BIM2021.pdf]
[saogoncalodoamarante.ce.gov.br/portal/images/LRF_EXERCICIO2021/PPA2022.pdf]
[saogoncalodoamarante.ce.gov.br/portal/images/LOA2021.pdf]
[saogoncalodoamarante.ce.gov.br/portal/images/LRF_EXERCICIO2019/157LDO2020.pdf]
[saogoncalodoamarante.ce.gov.br/portal/images/LRF_EXERCICIO2019/157CDM2020.pdf]
[saogoncalodoamarante.ce.gov.br/portal/images/LRF_EXERCICIO2019/157PFA2020.pdf]
[saogoncalodoamarante.ce.gov.br/portal/images/LRF_EXERCICIO2020/157LOA2020.pdf]
[saogoncalodoamarante.ce.gov.br/portal/images/LRF_EXERCICIO2020/1_BIMESTRE_RREO_SGA.pdf]
[saogoncalodoamarante.ce.gov.br/portal/images/157REO20202BIM.pdf]
[saogoncalodoamarante.ce.gov.br/portal/images/Sao_Goncalo_do_Amarante_LDO_2021_Anual.pdf]
[saogoncalodoamarante.ce.gov.br/portal/images/LRF_EXERCICIO2020/157REO20203BIM.pdf]
[saogoncalodoamarante.ce.gov.br/portal/images/157RGF20201SEM.pdf]
[saogoncalodoamarante.ce.gov.br/portal/images/157REO20204BIM.pdf]
[saogoncalodoamarante.ce.gov.br/portal/images/157REO20205BIM.pdf]
[saogoncalodoamarante.ce.gov.br/portal/images/loa_2021.pdf]
[saogoncalodoamarante.ce.gov.br/portal/images/LRF_EXERCICIO2020/Sao_Goncalo_do_Amarante_CDM_2021_Anual.pdf]
[saogoncalodoamarante.ce.gov.br/portal/images/LRF_EXERCICIO2020/Sao_Goncalo_do_Amarante_PFA_2021_Anual.pdf]
[saogoncalodoamarante.ce.gov.br/portal/images/LRF_EXERCICIO2020/Sao_Goncalo_do_Amarante_LOA_2021_Anual.pdf]
[saogoncalodoamarante.ce.gov.br/portal/images/REO_2020_6_bimestre.pdf]
[saogoncalodoamarante.ce.gov.br/portal/images/RGF_2020_2_semestre.pdf]
[saogoncalodoamarante.ce.gov.br/portal/images/LRF_EXERCICIO2020/psg_balanco_geral_2020.pdf]
[saogoncalodoamarante.ce.gov.br/portal/images/LRF_EXERCICIO2019/LDO2019.pdf]
[saogoncalodoamarante.ce.gov.br/portal/images/LRF_EXERCICIO2019/CRONOGRAMA_DE_DESEMBOLSO_ANUAL_PARA_2019_CONASP.pdf]
[saogoncalodoamarante.ce.gov.br/portal/images/LRF_EXERCICIO2019/PROGRAMAO_FINANCEIRA_ANUAL_PARA_2019_CONASP.pdf]
[saogoncalodoamarante.ce.gov.br/portal/images/LRF_EXERCICIO2019/LEI_ORCAMENTARIA_ANUAL_PARA_2019.pdf]
[saogoncalodoamarante.ce.gov.br/portal/images/LRF_EXERCICIO2019/157REO20191BIM.pdf]
[saogoncalodoamarante.ce.gov.br/portal/images/LRF_EXERCICIO2019/157REO20192BIM.pdf]
[saogoncalodoamarante.ce.gov.br/portal/images/LRF_EXERCICIO2019/157REO20193BI.pdf]
[saogoncalodoamarante.ce.gov.br/portal/images/LRF_EXERCICIO2019/152RGF20191SEM.pdf]
[saogoncalodoamarante.ce.gov.br/portal/images/LRF_EXERCICIO2019/152RGF20192SEM.pdf]
[saogoncalodoamarante.ce.gov.br/portal/images/LRF_EXERCICIO2019/157REO20194BIM.pdf]
[saogoncalodoamarante.ce.gov.br/portal/images/LRF_EXERCICIO2019/157REO20195BIM.pdf]
[saogoncalodoamarante.ce.gov.br/portal/images/LRF_EXERCICIO2019/157REO20196BI.pdf]
[saogoncalodoamarante.ce.gov.br/portal/images/LRF_EXERCICIO2019/157PCG2019_1.pdf]
[saogoncalodoamarante.ce.gov.br/portal/images/LRF_EXERCICIO2019/157PCG2019_2.pdf]
[saogoncalodoamarante.ce.gov.br/portal/images/LRF_EXERCICIO2019/157PCG2019_3.pdf]
[saogoncalodoamarante.ce.gov.br/portal/images/LRF_EXERCICIO2019/157PCG2019_4.pdf]
[saogoncalodoamarante.ce.gov.br/portal/images/LRF_EXERCICIO2019/157PCG2019_5.pdf]
[saogoncalodoamarante.ce.gov.br/portal/images/LRF_EXERCICIO2018/LDO2018.pdf]
[saogoncalodoamarante.ce.gov.br/portal/images/LRF_EXERCICIO2018/CDM2018.pdf]
[saogoncalodoamarante.ce.gov.br/portal/images/LRF_EXERCICIO2018/LOA2018.pdf]
[saogoncalodoamarante.ce.gov.br/portal/images/LRF_EXERCICIO2018/PFA2018.pdf]
[saogoncalodoamarante.ce.gov.br/portal/images/LRF_EXERCICIO2018/PPA2018.pdf]
[saogoncalodoamarante.ce.gov.br/portal/images/LRF_EXERCICIO2018/157REO20181BIM.pdf]
[saogoncalodoamarante.ce.gov.br/portal/images/LRF_EXERCICIO2018/157REO20182BIM.pdf]
[saogoncalodoamarante.ce.gov.br/portal/images/LRF_EXERCICIO2018/REO20183BIM.pdf]
[saogoncalodoamarante.ce.gov.br/portal/images/LRF_EXERCICIO2018/157REO20184BIM.pdf]
[saogoncalodoamarante.ce.gov.br/portal/images/LRF_EXERCICIO2018/157RGF20181SEM.pdf]
[saogoncalodoamarante.ce.gov.br/portal/images/LRF_EXERCICIO2018/REO20185BIM.pdf]
[saogoncalodoamarante.ce.gov.br/portal/images/LRF_EXERCICIO2019/157REO20186BIM.pdf]
[saogoncalodoamarante.ce.gov.br/portal/images/LRF_EXERCICIO2019/157RGF20182SEM.pdf]
[saogoncalodoamarante.ce.gov.br/portal/images/LRF_EXERCICIO2018/152PCG2018-1.pdf]
[saogoncalodoamarante.ce.gov.br/portal/images/LRF_EXERCICIO2018/152PCG2018-2.pdf]
[saogoncalodoamarante.ce.gov.br/portal/images/LRF_EXERCICIO2018/152PCG2018-3.pdf]
[saogoncalodoamarante.ce.gov.br/portal/images/LRF_EXERCICIO2018/152PCG2018-4.pdf]
[saogoncalodoamarante.ce.gov.br/portal/images/LRF_EXERCICIO2018/152PCG2018-5.pdf]
[saogoncalodoamarante.ce.gov.br/portal/images/LRF_EXERCICIO2018/152PCG2018-6.pdf]
[saogoncalodoamarante.ce.gov.br/portal/images/LRF_EXERCICIO2018/152PCG2018-7.pdf]
[saogoncalodoamarante.ce.gov.br/portal/images/LRF_EXERCICIO2018/152PCG2018-8.pdf]
[saogoncalodoamarante.ce.gov.br/portal/images/LRF_EXERCICIO2018/152PCG2018-9.pdf]
[saogoncalodoamarante.ce.gov.br/portal/images/LRF_EXERCICIO2017/LDO2017.pdf]
[saogoncalodoamarante.ce.gov.br/portal/images/LRF_EXERCICIO2017/LOA2017.pdf]
[saogoncalodoamarante.ce.gov.br/portal/images/LRF_EXERCICIO2017/CDM2017.pdf]
[saogoncalodoamarante.ce.gov.br/portal/images/LRF_EXERCICIO2017/OCA2017.pdf]
[saogoncalodoamarante.ce.gov.br/portal/images/LRF_EXERCICIO2017/PFA2017.pdf]
[saogoncalodoamarante.ce.gov.br/portal/images/LRF_EXERCICIO2017/QDD2017.pdf]
[saogoncalodoamarante.ce.gov.br/portal/images/LRF_EXERCICIO2017/REO20171BIM.pdf]
[saogoncalodoamarante.ce.gov.br/portal/images/LRF_EXERCICIO2017/REO20172BIM.pdf]
[saogoncalodoamarante.ce.gov.br/portal/images/LRF_EXERCICIO2017/REO20173BIM.pdf]
[saogoncalodoamarante.ce.gov.br/portal/images/LRF_EXERCICIO2017/RGF20171SEM.pdf]
[saogoncalodoamarante.ce.gov.br/portal/images/LRF_EXERCICIO2017/REO20174BIM.pdf]
[saogoncalodoamarante.ce.gov.br/portal/images/LRF_EXERCICIO2017/157REO20176BIM.pdf]
[saogoncalodoamarante.ce.gov.br/portal/images/LRF_EXERCICIO2017/157RGF20172SEM_.pdf]
[saogoncalodoamarante.ce.gov.br/portal/images/LRF_EXERCICIO2017/157PCG2017-1.pdf]
[saogoncalodoamarante.ce.gov.br/portal/images/LRF_EXERCICIO2017/157PCG2017-2.pdf]
[saogoncalodoamarante.ce.gov.br/portal/images/LRF_EXERCICIO2017/157PCG2017-3.pdf]
[saogoncalodoamarante.ce.gov.br/portal/images/LRF_EXERCICIO2017/157PCG2017-4.pdf]
[saogoncalodoamarante.ce.gov.br/portal/images/LRF_EXERCICIO2017/157PCG2017-5.pdf]
[saogoncalodoamarante.ce.gov.br/portal/images/LRF_EXERCICIO2017/157PCG2017-6.pdf]
[saogoncalodoamarante.ce.gov.br/portal/images/LRF_EXERCICIO2016/LDO2016.pdf]
[saogoncalodoamarante.ce.gov.br/portal/images/LRF_EXERCICIO2016/CDM2016.pdf]
[saogoncalodoamarante.ce.gov.br/portal/images/LRF_EXERCICIO2016/LOA2016.pdf]
[saogoncalodoamarante.ce.gov.br/portal/images/LRF_EXERCICIO2016/PFA2016.pdf]
[saogoncalodoamarante.ce.gov.br/portal/images/LRF_EXERCICIO2016/RREO20161BIM.pdf]
[saogoncalodoamarante.ce.gov.br/portal/images/LRF_EXERCICIO2016/RREO20162BIM.pdf]
[saogoncalodoamarante.ce.gov.br/portal/images/LRF_EXERCICIO2016/RREO20163BIM.pdf]
[saogoncalodoamarante.ce.gov.br/portal/images/LRF_EXERCICIO2016/RGF20161SEM.pdf]
[saogoncalodoamarante.ce.gov.br/portal/images/LRF_EXERCICIO2016/RREO20164BIM.pdf]
[saogoncalodoamarante.ce.gov.br/portal/images/LRF_EXERCICIO2016/RREO20165BIM.pdf]
[saogoncalodoamarante.ce.gov.br/portal/images/LRF_EXERCICIO2016/REEO20166BIM.pdf]
[saogoncalodoamarante.ce.gov.br/portal/images/LRF_EXERCICIO2016/RGF20162SEM.pdf]
[saogoncalodoamarante.ce.gov.br/portal/images/LRF_EXERCICIO2016/PCG2016-1.pdf]
[saogoncalodoamarante.ce.gov.br/portal/images/LRF_EXERCICIO2016/PCG2016-2.pdf]
[saogoncalodoamarante.ce.gov.br/portal/images/LRF_EXERCICIO2016/PCG2016-3.pdf]
[saogoncalodoamarante.ce.gov.br/portal/images/LRF_EXERCICIO2016/PCG2016-4.pdf]
[saogoncalodoamarante.ce.gov.br/portal/images/LRF_EXERCICIO2016/PCG2016-5.pdf]
[saogoncalodoamarante.ce.gov.br/portal/images/LRF_EXERCICIO2016/PCG2016-6.pdf]
[saogoncalodoamarante.ce.gov.br/portal/images/LRF_EXERCICIO2015/157AAAALDO2015.pdf]
[saogoncalodoamarante.ce.gov.br/portal/index.php/lrf.html]
[saogoncalodoamarante.ce.gov.br/portal/index.php/area-do-servidor.html]
[saogoncalodoamarante.ce.gov.br/portal/index.php/about.html]
[saogoncalodoamarante.ce.gov.br/portal/index.php/a-prefeitura.html]
[saogoncalodoamarante.ce.gov.br/portal/index.php/a-prefeitura/o-prefeito.html]
[saogoncalodoamarante.ce.gov.br/portal/index.php/novasnoticias.html]
[saogoncalodoamarante.ce.gov.br/portal/index.php/inicio-transparencia.html]
[saogoncalodoamarante.ce.gov.br/portal/index.php/transparencia-municipal/legislacao-municipal.html]
[saogoncalodoamarante.ce.gov.br/portal/index.php/transparencia-municipal/publicacoes.html]
[saogoncalodoamarante.ce.gov.br/portal/index.php/servicos-sao-goncalo/declaracao-de-vinculo.html]
[saogoncalodoamarante.ce.gov.br/portal/index.php/servicos-sao-goncalo/carta-de-servicos-ao-usuario.html]
[saogoncalodoamarante.ce.gov.br/portal/index.php/servicos-sao-goncalo/minha-casa-minha-vida.html]
[saogoncalodoamarante.ce.gov.br/portal/index.php/servicos-sao-goncalo/dirf-2017.html]
[saogoncalodoamarante.ce.gov.br/portal/index.php/servicos-sao-goncalo/dirf-2018.html]
[saogoncalodoamarante.ce.gov.br/portal/index.php/servicos-sao-goncalo/dirf-2020.html]
[saogoncalodoamarante.ce.gov.br/portal/index.php/servicos-sao-goncalo/dirf-2021.html]
[saogoncalodoamarante.ce.gov.br/portal/index.php/servicos-sao-goncalo/contra-cheque-online.html]
[saogoncalodoamarante.ce.gov.br/portal/index.php/servicos-sao-goncalo/concursos.html]
[saogoncalodoamarante.ce.gov.br/portal/index.php/servicos-sao-goncalo/chamamento-publico.html]
[saogoncalodoamarante.ce.gov.br/portal/index.php/servicos-sao-goncalo/2021-06-07-18-44-19.html]
[saogoncalodoamarante.ce.gov.br/portal/index.php/secretarias.html]
[saogoncalodoamarante.ce.gov.br/portal/index.php/secretarias/secretarios.html]
[saogoncalodoamarante.ce.gov.br/portal/index.php/fale-conosco/assessoria.html]
[saogoncalodoamarante.ce.gov.br/portal/index.php/fale-conosco/ouvidoria-municipal.html]
[saogoncalodoamarante.ce.gov.br/portal/index.php/transparencia.html]
[saogoncalodoamarante.ce.gov.br/portal/index.php/gestao-fiscal-lrf.html]
[saogoncalodoamarante.ce.gov.br/portal/index.php/gestores.html]
[saogoncalodoamarante.ce.gov.br/portal/index.php/ouvidoria-municipal-2.html]
[saogoncalodoamarante.ce.gov.br/portal/index.php/informacoes-de-servidores.html]
[saogoncalodoamarante.ce.gov.br/portal/index.php/component/content/article5b9d.html]
[saogoncalodoamarante.ce.gov.br/portal/index.php/novasnoticias/3433-retirada-de-rg.html]
[saogoncalodoamarante.ce.gov.br/portal/index.php/novasnoticias/3567-lista-de-beneficiarios-vale-gas-social.html]
[saogoncalodoamarante.ce.gov.br/portal/index.php/servicos-sao-goncalo/concursos/3566-comunicado-09-pacto-pela-aprendizagem.html]
[saogoncalodoamarante.ce.gov.br/portal/index.php/servicos-sao-goncalo/concursos/3563-comunicado-08-pacto-pela-aprendizagem.html]
[saogoncalodoamarante.ce.gov.br/portal/index.php/novasnoticias/3562-fotos-natal-de-todos.html]
[saogoncalodoamarante.ce.gov.br/portal/index.php/servicos-sao-goncalo/concursos/3559-divulgacao-preliminar-do-resultado-final-programa-pacto-pela-aprendizagem.html]
[saogoncalodoamarante.ce.gov.br/portal/index.php/novasnoticias/3557-lista-de-beneficiarios-primeira-etapa-do-programa-garantia-safra.html]
[saogoncalodoamarante.ce.gov.br/portal/index.php/novasnoticias/3547-lista-de-beneficiarios-sem-saque-cmic.html]
[saogoncalodoamarante.ce.gov.br/portal/index.php/novasnoticias/3546-vagas-para-auxiliar-de-producao-aeris-energy.html]
[saogoncalodoamarante.ce.gov.br/portal/index.php/servicos-sao-goncalo/concursos/3556-22-convocacao-processo-seletivo-simplificado-2021.html]
[saogoncalodoamarante.ce.gov.br/portal/index.php/novasnoticias/3545-resultado-geral-i-olimpiadas-municipais.html]
[saogoncalodoamarante.ce.gov.br/portal/index.php/servicos-sao-goncalo/concursos/3535-21-convocacao-processo-seletivo-simplificado-2021.html]
[saogoncalodoamarante.ce.gov.br/portal/index.php/novasnoticias/3534-lista-de-beneficiarios-quarta-entrega-de-kits-agricolas-programa-cultiva.html]
[saogoncalodoamarante.ce.gov.br/portal/index.php/servicos-sao-goncalo/concursos/3527-segunda-convocacao-selecao-de-estagiarios-2021.html]
[saogoncalodoamarante.ce.gov.br/portal/index.php/servicos-sao-goncalo/concursos/3523-comunicado-05-pacto-pela-aprendizagem.html]
[saogoncalodoamarante.ce.gov.br/portal/index.php/novasnoticias/3525-inscricoes-i-olimpiadas-municipais.html]
[saogoncalodoamarante.ce.gov.br/portal/index.php/servicos-sao-goncalo/concursos/3524-comunicado-06-pacto-pela-aprendizagem.html]
[saogoncalodoamarante.ce.gov.br/portal/index.php/servicos-sao-goncalo/concursos/3522-comunicado-04-pacto-pela-aprendizagem.html]
[saogoncalodoamarante.ce.gov.br/portal/index.php/servicos-sao-goncalo/concursos/3521-gabarito-da-prova-objetiva-programa-pacto-pela-aprendizagem.html]
[saogoncalodoamarante.ce.gov.br/portal/index.php/servicos-sao-goncalo/concursos/3520-pacto-pela-aprendizagem-horario-e-local-de-prova-objetiva.html]
[saogoncalodoamarante.ce.gov.br/portal/index.php/servicos-sao-goncalo/concursos/3517-comunicado-01-edital-005l-2021-pacto-pela-aprendizagem.html]
[saogoncalodoamarante.ce.gov.br/portal/index.php/novasnoticias/3515-edital-arte-e-criacao-sao-goncalo-do-amarante-153-anos.html]
[saogoncalodoamarante.ce.gov.br/portal/index.php/novasnoticias/3494-carta-aberta-o-servidor-publico-a-defesa-da-vida-e-a-construcao-de-uma-nova-historia.html]
[saogoncalodoamarante.ce.gov.br/portal/index.php/servicos-sao-goncalo/concursos/3491-edital-005l-2021-pacto-pela-aprendizagem.html]
[saogoncalodoamarante.ce.gov.br/portal/index.php/servicos-sao-goncalo/concursos/3490-posse-e-lotacao-11-convocacao-do-concurso-publico-de-2019.html]
[saogoncalodoamarante.ce.gov.br/portal/index.php/novasnoticias/3488-beneficiarios-com-credito-cartao-mais-infancia-ceara.html]
[saogoncalodoamarante.ce.gov.br/portal/index.php/servicos-sao-goncalo/concursos/3489-20-convocacao-processo-seletivo-simplificado-2021.html]
[saogoncalodoamarante.ce.gov.br/portal/index.php/servicos-sao-goncalo/concursos/3483-11-convocacao-concurso-publico-de-2019.html]
[saogoncalodoamarante.ce.gov.br/portal/index.php/servicos-sao-goncalo/concursos/3476-19-convocacao-processo-seletivo-simplificado-2021.html]
[saogoncalodoamarante.ce.gov.br/portal/index.php/servicos-sao-goncalo/concursos/3468-orientacoes-para-posse-e-lotacao-da-10-convocacao-do-concurso-publico-de-2019.html]
[saogoncalodoamarante.ce.gov.br/portal/index.php/servicos-sao-goncalo/concursos/3466-indeferimentos-10-convocacao-do-concurso-publico-de-2019.html]
[saogoncalodoamarante.ce.gov.br/portal/index.php/novasnoticias/3465-mutirao-de-limpeza-sera-realizado-neste-sabado-18.html]
[saogoncalodoamarante.ce.gov.br/portal/index.php/novasnoticias/3464-plataforma-pode-falar-sera-lancada-nesta-quinta-16.html]
[saogoncalodoamarante.ce.gov.br/portal/index.php/novasnoticias/3463-orientacoes-para-vacinacao-de-individuos-que-se-vacinaram-em-outros-estados-ou-municipios-do-ceara.html]
[saogoncalodoamarante.ce.gov.br/portal/index.php/servicos-sao-goncalo/concursos/3462-comunicado-26-lista-de-presenca-ausencia-reclassificacao-da-decima-convocacao-do-concurso-publico-de-2019.html]
[saogoncalodoamarante.ce.gov.br/portal/index.php/servicos-sao-goncalo/concursos/3460-18-convocacao-processo-seletivo-simplificado-2021.html]
[saogoncalodoamarante.ce.gov.br/portal/index.php/servicos-sao-goncalo/concursos/3459-presenca-ausencia-reclassificacao-10-convocacao-do-concurso-publico-de-2019.html]
[saogoncalodoamarante.ce.gov.br/portal/index.php/novasnoticias/3380-lista-1-vacinacao-contra-a-covid-19-do-publico-geral.html]
[saogoncalodoamarante.ce.gov.br/portal/index.php/transparencia-municipal/publicacoes/3383-inexigibilidade-de-chamamento-publico-processo-inex-cham-n-001-2021-seduc.html]
[saogoncalodoamarante.ce.gov.br/portal/index.php/transparencia-municipal/publicacoes/3317-inexigibilidade-de-chamamento-publico-processo-inex-cham-001-2021-sde.html]
[saogoncalodoamarante.ce.gov.br/portal/index.php/transparencia-municipal/publicacoes/3222-aviso-de-julgamento-da-habilitacao-da-tomada-de-precos-no-01-2021-segov.html]
[saogoncalodoamarante.ce.gov.br/portal/index.php/transparencia-municipal/publicacoes/3221-extrato-de-dispensa-de-licitacao-n-02-2021-covid.html]
[saogoncalodoamarante.ce.gov.br/portal/index.php/transparencia-municipal/publicacoes/3168-extrato-de-dispensa-de-licitacao-n-01-2021-sesa.html]
[saogoncalodoamarante.ce.gov.br/portal/templates/sj_time/asset/bootstrap/fonts/glyphicons-halflings-regular.html]
[saogoncalodoamarante.ce.gov.br/portal/templates/sj_time/asset/bootstrap/fonts/glyphicons-halflings-regulard41d.html]
[saogoncalodoamarante.ce.gov.br/portal/templates/sj_time/asset/bootstrap/fonts/glyphicons-halflings-regular-2.html]
[saogoncalodoamarante.ce.gov.br/portal/templates/sj_time/asset/bootstrap/fonts/glyphicons-halflings-regular-3.html]
[saogoncalodoamarante.ce.gov.br/portal/templates/sj_time/asset/bootstrap/fonts/glyphicons-halflings-regular-4.html]
[saogoncalodoamarante.ce.gov.br/portal/templates/sj_time/less/images/icon/icon_hits2.html]
[saogoncalodoamarante.ce.gov.br/portal/templates/sj_time/less/images/icon/icon_author.html]
[saogoncalodoamarante.ce.gov.br/portal/templates/sj_time/less/images/icon/icon_date2.html]
[saogoncalodoamarante.ce.gov.br/portal/templates/sj_time/images/styling/blue/icon_user.html]
[saogoncalodoamarante.ce.gov.br/portal/templates/sj_time/images/styling/red/play-video.html]
[saogoncalodoamarante.ce.gov.br/portal/templates/sj_time/images/white-arrow-right.html]
[saogoncalodoamarante.ce.gov.br/portal/templates/sj_time/asset/fonts/awesome/fonts/fontawesome-webfonte0a5.svg]
[saogoncalodoamarante.ce.gov.br/portal/fontawesome/webfonts/fa-brands-400.svg]
[saogoncalodoamarante.ce.gov.br/portal/fontawesome/webfonts/fa-regular-400.svg]
[saogoncalodoamarante.ce.gov.br/portal/fontawesome/webfonts/fa-solid-900.svg]
[saogoncalodoamarante.ce.gov.br/portal/yt-assets/c3215be1eb7c17dbfdb6194b5e6597cf.css]
[saogoncalodoamarante.ce.gov.br/portal/index.php/lrf/125-balancos-contabeis.html]
[saogoncalodoamarante.ce.gov.br/portal/image/PFA2018.html]
[saogoncalodoamarante.ce.gov.br/portal/images/LRF_EXERCICIO2018/PCG2018-1.html]
[saogoncalodoamarante.ce.gov.br/portal/templates/sj_time/images/pattern/body/pattern8.jpg]
[saogoncalodoamarante.ce.gov.br/portal/images/RREO_1BIM_2021.pdf]
[saogoncalodoamarante.ce.gov.br/portal/images/LRF_EXERCICIO2021/RREO-RelatorioResumidoExecucao_Orcamentaria_2_Bimestre_2021.pdf]
[saogoncalodoamarante.ce.gov.br/portal/images/LRF_EXERCICIO2021/RGF-Relatorio_Gestao_Fiscal _1_Quadrimestre_2021.pdf]
[saogoncalodoamarante.ce.gov.br/portal/images/Leis/Leis2021/Lei_Municipal_N_1587_2021_de_10062021-LDO.pdf]
[saogoncalodoamarante.ce.gov.br/portal/images/PMSGA-RREO-Relatorio-Resumido-Execucao-Orcamentaria.pdf]
[saogoncalodoamarante.ce.gov.br/portal/images/RGF2QUADRIMESTRE2021.pdf]
[saogoncalodoamarante.ce.gov.br/portal/images/LRF_EXERCICIO2021/RREO4BIM2021.pdf]
[saogoncalodoamarante.ce.gov.br/portal/images/LRF_EXERCICIO2021/PPA2022.pdf]
[saogoncalodoamarante.ce.gov.br/portal/images/LOA2021.pdf]
[saogoncalodoamarante.ce.gov.br/portal/images/LRF_EXERCICIO2019/157LDO2020.pdf]
[saogoncalodoamarante.ce.gov.br/portal/images/LRF_EXERCICIO2019/157CDM2020.pdf]
[saogoncalodoamarante.ce.gov.br/portal/images/LRF_EXERCICIO2019/157PFA2020.pdf]
[saogoncalodoamarante.ce.gov.br/portal/images/LRF_EXERCICIO2020/157LOA2020.pdf]
[saogoncalodoamarante.ce.gov.br/portal/images/157REO20202BIM.pdf]
[saogoncalodoamarante.ce.gov.br/portal/images/Sao_Goncalo_do_Amarante_LDO_2021_Anual.pdf]
[saogoncalodoamarante.ce.gov.br/portal/images/loa_2021.pdf]
[saogoncalodoamarante.ce.gov.br/portal/images/LRF_EXERCICIO2020/Sao_Goncalo_do_Amarante_LOA_2021_Anual.pdf]
[saogoncalodoamarante.ce.gov.br/portal/images/REO_2020_6_bimestre.pdf]
[saogoncalodoamarante.ce.gov.br/portal/images/RGF_2020_2_semestre.pdf]
[saogoncalodoamarante.ce.gov.br/portal/images/LRF_EXERCICIO2020/psg_balanco_geral_2020.pdf]
[saogoncalodoamarante.ce.gov.br/portal/images/LRF_EXERCICIO2019/LDO2019.pdf]
[saogoncalodoamarante.ce.gov.br/portal/images/LRF_EXERCICIO2019/CRONOGRAMA_DE_DESEMBOLSO_ANUAL_PARA_2019_CONASP.pdf]
[saogoncalodoamarante.ce.gov.br/portal/images/LRF_EXERCICIO2019/PROGRAMAO_FINANCEIRA_ANUAL_PARA_2019_CONASP.pdf]
[saogoncalodoamarante.ce.gov.br/portal/images/LRF_EXERCICIO2019/LEI_ORCAMENTARIA_ANUAL_PARA_2019.pdf]
[saogoncalodoamarante.ce.gov.br/portal/images/LRF_EXERCICIO2019/157REO20191BIM.pdf]
[saogoncalodoamarante.ce.gov.br/portal/images/LRF_EXERCICIO2019/157REO20193BI.pdf]
[saogoncalodoamarante.ce.gov.br/portal/images/LRF_EXERCICIO2019/152RGF20191SEM.pdf]
[saogoncalodoamarante.ce.gov.br/portal/images/LRF_EXERCICIO2019/152RGF20192SEM.pdf]
[saogoncalodoamarante.ce.gov.br/portal/images/LRF_EXERCICIO2019/157REO20194BIM.pdf]
[saogoncalodoamarante.ce.gov.br/portal/images/LRF_EXERCICIO2019/157REO20196BI.pdf]
[saogoncalodoamarante.ce.gov.br/portal/images/LRF_EXERCICIO2019/157PCG2019_1.pdf]
[saogoncalodoamarante.ce.gov.br/portal/images/LRF_EXERCICIO2019/157PCG2019_2.pdf]
[saogoncalodoamarante.ce.gov.br/portal/images/LRF_EXERCICIO2019/157PCG2019_3.pdf]
[saogoncalodoamarante.ce.gov.br/portal/images/LRF_EXERCICIO2019/157PCG2019_4.pdf]
[saogoncalodoamarante.ce.gov.br/portal/images/LRF_EXERCICIO2019/157PCG2019_5.pdf]
[saogoncalodoamarante.ce.gov.br/portal/images/LRF_EXERCICIO2018/LDO2018.pdf]
[saogoncalodoamarante.ce.gov.br/portal/images/LRF_EXERCICIO2018/CDM2018.pdf]
[saogoncalodoamarante.ce.gov.br/portal/images/LRF_EXERCICIO2018/LOA2018.pdf]
[saogoncalodoamarante.ce.gov.br/portal/images/LRF_EXERCICIO2018/PFA2018.pdf]
[saogoncalodoamarante.ce.gov.br/portal/images/LRF_EXERCICIO2018/PPA2018.pdf]
[saogoncalodoamarante.ce.gov.br/portal/images/LRF_EXERCICIO2018/157REO20181BIM.pdf]
[saogoncalodoamarante.ce.gov.br/portal/images/LRF_EXERCICIO2018/157REO20182BIM.pdf]
[saogoncalodoamarante.ce.gov.br/portal/images/LRF_EXERCICIO2018/REO20183BIM.pdf]
[saogoncalodoamarante.ce.gov.br/portal/images/LRF_EXERCICIO2018/157REO20184BIM.pdf]
[saogoncalodoamarante.ce.gov.br/portal/images/LRF_EXERCICIO2018/157RGF20181SEM.pdf]
[saogoncalodoamarante.ce.gov.br/portal/images/LRF_EXERCICIO2018/REO20185BIM.pdf]
[saogoncalodoamarante.ce.gov.br/portal/images/LRF_EXERCICIO2019/157REO20186BIM.pdf]
[saogoncalodoamarante.ce.gov.br/portal/images/LRF_EXERCICIO2018/152PCG2018-1.pdf]
[saogoncalodoamarante.ce.gov.br/portal/images/LRF_EXERCICIO2018/152PCG2018-2.pdf]
[saogoncalodoamarante.ce.gov.br/portal/images/LRF_EXERCICIO2018/152PCG2018-3.pdf]
[saogoncalodoamarante.ce.gov.br/portal/images/LRF_EXERCICIO2018/152PCG2018-4.pdf]
[saogoncalodoamarante.ce.gov.br/portal/images/LRF_EXERCICIO2018/152PCG2018-5.pdf]
[saogoncalodoamarante.ce.gov.br/portal/images/LRF_EXERCICIO2018/152PCG2018-6.pdf]
[saogoncalodoamarante.ce.gov.br/portal/images/LRF_EXERCICIO2018/152PCG2018-7.pdf]
[saogoncalodoamarante.ce.gov.br/portal/images/LRF_EXERCICIO2018/152PCG2018-8.pdf]
[saogoncalodoamarante.ce.gov.br/portal/images/LRF_EXERCICIO2018/152PCG2018-9.pdf]
[saogoncalodoamarante.ce.gov.br/portal/images/LRF_EXERCICIO2017/LDO2017.pdf]
[saogoncalodoamarante.ce.gov.br/portal/images/LRF_EXERCICIO2017/LOA2017.pdf]
[saogoncalodoamarante.ce.gov.br/portal/images/LRF_EXERCICIO2017/CDM2017.pdf]
[saogoncalodoamarante.ce.gov.br/portal/images/LRF_EXERCICIO2017/OCA2017.pdf]
[saogoncalodoamarante.ce.gov.br/portal/images/LRF_EXERCICIO2017/PFA2017.pdf]
[saogoncalodoamarante.ce.gov.br/portal/images/LRF_EXERCICIO2017/QDD2017.pdf]
[saogoncalodoamarante.ce.gov.br/portal/images/LRF_EXERCICIO2017/REO20171BIM.pdf]
[saogoncalodoamarante.ce.gov.br/portal/images/LRF_EXERCICIO2017/REO20172BIM.pdf]
[saogoncalodoamarante.ce.gov.br/portal/images/LRF_EXERCICIO2017/REO20173BIM.pdf]
[saogoncalodoamarante.ce.gov.br/portal/images/LRF_EXERCICIO2017/REO20174BIM.pdf]
[saogoncalodoamarante.ce.gov.br/portal/images/LRF_EXERCICIO2017/157REO20176BIM.pdf]
[saogoncalodoamarante.ce.gov.br/portal/images/LRF_EXERCICIO2017/157RGF20172SEM_.pdf]
[saogoncalodoamarante.ce.gov.br/portal/images/LRF_EXERCICIO2017/157PCG2017-1.pdf]
[saogoncalodoamarante.ce.gov.br/portal/images/LRF_EXERCICIO2017/157PCG2017-2.pdf]
[saogoncalodoamarante.ce.gov.br/portal/images/LRF_EXERCICIO2017/157PCG2017-3.pdf]
[saogoncalodoamarante.ce.gov.br/portal/images/LRF_EXERCICIO2017/157PCG2017-4.pdf]
[saogoncalodoamarante.ce.gov.br/portal/images/LRF_EXERCICIO2017/157PCG2017-5.pdf]
[saogoncalodoamarante.ce.gov.br/portal/images/LRF_EXERCICIO2017/157PCG2017-6.pdf]
[saogoncalodoamarante.ce.gov.br/portal/images/LRF_EXERCICIO2016/LDO2016.pdf]
[saogoncalodoamarante.ce.gov.br/portal/images/LRF_EXERCICIO2016/CDM2016.pdf]
[saogoncalodoamarante.ce.gov.br/portal/images/LRF_EXERCICIO2016/LOA2016.pdf]
[saogoncalodoamarante.ce.gov.br/portal/images/LRF_EXERCICIO2016/PFA2016.pdf]
[saogoncalodoamarante.ce.gov.br/portal/images/LRF_EXERCICIO2016/RREO20161BIM.pdf]
[saogoncalodoamarante.ce.gov.br/portal/images/LRF_EXERCICIO2016/RREO20162BIM.pdf]
[saogoncalodoamarante.ce.gov.br/portal/images/LRF_EXERCICIO2016/RREO20163BIM.pdf]
[saogoncalodoamarante.ce.gov.br/portal/images/LRF_EXERCICIO2016/RGF20161SEM.pdf]
[saogoncalodoamarante.ce.gov.br/portal/images/LRF_EXERCICIO2016/RREO20164BIM.pdf]
[saogoncalodoamarante.ce.gov.br/portal/images/LRF_EXERCICIO2016/RREO20165BIM.pdf]
[saogoncalodoamarante.ce.gov.br/portal/images/LRF_EXERCICIO2016/REEO20166BIM.pdf]
[saogoncalodoamarante.ce.gov.br/portal/images/LRF_EXERCICIO2016/RGF20162SEM.pdf]
[saogoncalodoamarante.ce.gov.br/portal/images/LRF_EXERCICIO2016/PCG2016-1.pdf]
[saogoncalodoamarante.ce.gov.br/portal/images/LRF_EXERCICIO2016/PCG2016-2.pdf]
[saogoncalodoamarante.ce.gov.br/portal/images/LRF_EXERCICIO2016/PCG2016-4.pdf]
[saogoncalodoamarante.ce.gov.br/portal/images/LRF_EXERCICIO2016/PCG2016-5.pdf]
[saogoncalodoamarante.ce.gov.br/portal/images/LRF_EXERCICIO2016/PCG2016-6.pdf]
